fred@fred-HP-EliteBook-820-G2:~$ mkdir shellcommands
fred@fred-HP-EliteBook-820-G2:~$ cd shellcommands
fred@fred-HP-EliteBook-820-G2:~/shellcommands$ shell internal commands.txt
Command 'shell' not found, did you mean:
  command 'bshell' from deb avahi-ui-utils (0.8-5ubuntu5)
  command 'spell' from deb spell (1.0-24.2)
  command 'shelr' from deb shelr (0.16.3-2.1)
  command 'rshell' from deb pyboard-rshell (0.0.31-0ubuntu1)
  command 'jshell' from deb openjdk-11-jdk-headless (11.0.19+7~us1-0ubuntu1~22.04.1)
  command 'jshell' from deb openjdk-17-jdk-headless (17.0.7+7~us1-0ubuntu1~22.04.2)
  command 'jshell' from deb openjdk-18-jdk-headless (18.0.2+9-2~22.04)
  command 'jshell' from deb openjdk-19-jdk-headless (19.0.2+7-0ubuntu3~22.04)
Try: sudo apt install <deb name>
fred@fred-HP-EliteBook-820-G2:~/shellcommands$ cat shell internal commands.txt
cat: shell: No such file or directory
cat: internal: No such file or directory
cat: commands.txt: No such file or directory
fred@fred-HP-EliteBook-820-G2:~/shellcommands$ touch shell internal commands.txt
fred@fred-HP-EliteBook-820-G2:~/shellcommands$ echo hello world
hello world
fred@fred-HP-EliteBook-820-G2:~/shellcommands$ ls
commands.txt  internal  shell
fred@fred-HP-EliteBook-820-G2:~/shellcommands$ touch shell internalcommands.txt
fred@fred-HP-EliteBook-820-G2:~/shellcommands$ ls
commands.txt  internal  internalcommands.txt  shell
fred@fred-HP-EliteBook-820-G2:~/shellcommands$ touch shellinternalcommands.txt
fred@fred-HP-EliteBook-820-G2:~/shellcommands$ ls
commands.txt  internal  internalcommands.txt  shell  shellinternalcommands.txt
fred@fred-HP-EliteBook-820-G2:~/shellcommands$ cat >shellinternalcommands.txt
cd
history
set
unset
source
exit
alias
export
echo
pwd

fred@fred-HP-EliteBook-820-G2:~/shellcommands$ cat shellinternalcommands.txt
cd
history
set
unset
source
exit
alias
export
echo
pwd

fred@fred-HP-EliteBook-820-G2:~/shellcommands$ cat systemprogramcommands.txt
cat: systemprogramcommands.txt: No such file or directory
fred@fred-HP-EliteBook-820-G2:~/shellcommands$ cat >systemprogramcommands.txt
test
ls
pwd
cd
mkdir
rm
cp
mv
cat
fred@fred-HP-EliteBook-820-G2:~/shellcommands$ cat systemprogramcommands.txt
test
ls
pwd
cd
mkdir
rm
cp
mv
cat
fred@fred-HP-EliteBook-820-G2:~/shellcommands$ ^C
fred@fred-HP-EliteBook-820-G2:~/shellcommands$ ^C
fred@fred-HP-EliteBook-820-G2:~/shellcommands$ 


